// Jest Snapshot v1, https://goo.gl/fbAQLP

exports[`renders correctly 1`] = `
<div
  className="makeStyles-root-1"
  style={
    Object {
      "width": "100%",
    }
  }
>
  <header
    className="MuiPaper-root MuiAppBar-root MuiAppBar-positionFixed MuiAppBar-colorPrimary makeStyles-appBar-5 mui-fixed MuiPaper-elevation4"
    style={
      Object {
        "margin": 0,
      }
    }
  >
    <div
      className="MuiToolbar-root MuiToolbar-regular MuiToolbar-gutters"
    >
      <div
        className="MuiBox-root MuiBox-root-9"
      >
        <button
          className="MuiButtonBase-root MuiIconButton-root WithStyles(ForwardRef(IconButton))-root-10"
          disabled={false}
          onBlur={[Function]}
          onDragLeave={[Function]}
          onFocus={[Function]}
          onKeyDown={[Function]}
          onKeyUp={[Function]}
          onMouseDown={[Function]}
          onMouseLeave={[Function]}
          onMouseUp={[Function]}
          onTouchEnd={[Function]}
          onTouchMove={[Function]}
          onTouchStart={[Function]}
          style={
            Object {
              "backgroundColor": "transparent",
            }
          }
          tabIndex={0}
          to="/"
          type="button"
        >
          <span
            className="MuiIconButton-label"
          >
            <img
              alt=""
              height="35px"
              src="LogoNav.png"
              width="130px"
            />
          </span>
        </button>
      </div>
      <div>
        <div
          className="makeStyles-navOptions-4"
        >
          <div
            className="MuiBox-root MuiBox-root-11"
          >
            <button
              className="MuiButtonBase-root MuiButton-root WithStyles(ForwardRef(Button))-root-12 MuiButton-text"
              disabled={false}
              onBlur={[Function]}
              onClick={[Function]}
              onDragLeave={[Function]}
              onFocus={[Function]}
              onKeyDown={[Function]}
              onKeyUp={[Function]}
              onMouseDown={[Function]}
              onMouseLeave={[Function]}
              onMouseUp={[Function]}
              onTouchEnd={[Function]}
              onTouchMove={[Function]}
              onTouchStart={[Function]}
              tabIndex={0}
              type="button"
            >
              <span
                className="MuiButton-label"
              >
                Login
              </span>
            </button>
          </div>
          <div
            className="MuiBox-root MuiBox-root-13"
          >
            <button
              className="MuiButtonBase-root MuiButton-root WithStyles(ForwardRef(Button))-root-12 MuiButton-contained makeStyles-button-8"
              disabled={false}
              onBlur={[Function]}
              onClick={[Function]}
              onDragLeave={[Function]}
              onFocus={[Function]}
              onKeyDown={[Function]}
              onKeyUp={[Function]}
              onMouseDown={[Function]}
              onMouseLeave={[Function]}
              onMouseUp={[Function]}
              onTouchEnd={[Function]}
              onTouchMove={[Function]}
              onTouchStart={[Function]}
              style={
                Object {
                  "color": "white",
                }
              }
              tabIndex={0}
              type="button"
            >
              <span
                className="MuiButton-label"
              >
                Get Started
              </span>
            </button>
          </div>
        </div>
      </div>
    </div>
  </header>
</div>
`;
