// Jest Snapshot v1, https://goo.gl/fbAQLP

exports[`renders correctly 1`] = `
<div
  className="makeStyles-root-1"
>
  <div
    className="MuiGrid-root MuiGrid-container MuiGrid-align-items-xs-center MuiGrid-justify-content-xs-center"
    style={
      Object {
        "minHeight": "0vh",
      }
    }
  >
    <div
      className="MuiGrid-root MuiGrid-item MuiGrid-grid-xs-12"
    >
      <div
        className="MuiBox-root MuiBox-root-8 makeStyles-box-7"
      >
        <p
          className="MuiTypography-root makeStyles-h1-3 MuiTypography-body1"
        >
          Ask us a Question
        </p>
      </div>
    </div>
    <div
      className="MuiGrid-root MuiGrid-item MuiGrid-grid-xs-12 MuiGrid-grid-sm-12 MuiGrid-grid-md-12 MuiGrid-grid-lg-4"
    >
      <div
        className="MuiBox-root MuiBox-root-9 makeStyles-box-7"
      >
        <p
          className="MuiTypography-root makeStyles-h2-4 MuiTypography-body1"
        >
          Need help with using FundX?
        </p>
      </div>
      <div
        className="MuiBox-root MuiBox-root-10"
      >
        <p
          className="MuiTypography-root makeStyles-p1-5 MuiTypography-body1"
        >
          Our Support team is always on call to help you with any questions or problems you may have. From technical support to bug issues, we are here. We also even offer a guided demo of the application if requested.
        </p>
      </div>
      <div
        className="MuiBox-root MuiBox-root-11"
        xs={12}
      />
    </div>
    <div
      className="MuiGrid-root MuiGrid-item MuiGrid-grid-xs-12 MuiGrid-grid-sm-12 MuiGrid-grid-md-12 MuiGrid-grid-lg-4"
    />
  </div>
</div>
`;
