// Jest Snapshot v1, https://goo.gl/fbAQLP

exports[`renders correctly 1`] = `
<div
  className="makeStyles-root-1"
>
  <div
    className="MuiGrid-root MuiGrid-container MuiGrid-direction-xs-column MuiGrid-align-items-xs-center MuiGrid-justify-content-xs-center"
    style={
      Object {
        "minHeight": "32vh",
      }
    }
  >
    <div
      className="MuiGrid-root MuiGrid-item MuiGrid-grid-xs-12 MuiGrid-grid-sm-10 MuiGrid-grid-md-10 MuiGrid-grid-lg-6"
    >
      <div
        className="MuiBox-root MuiBox-root-6"
      >
        <h1
          className="makeStyles-h1-4"
        >
          Begin your investment adventure today!
        </h1>
      </div>
    </div>
    <div
      className="MuiGrid-root MuiGrid-item MuiGrid-grid-xs-12 MuiGrid-grid-sm-10 MuiGrid-grid-md-10 MuiGrid-grid-lg-12"
    >
      <div
        className="MuiBox-root MuiBox-root-7"
      >
        <h2
          className="makeStyles-h2-5"
        >
          Whether you are looking for investment or looking to invest. FundX has what you need.
        </h2>
      </div>
    </div>
    <div
      className="MuiGrid-root MuiGrid-item MuiGrid-grid-xs-12"
    >
      <div
        className="MuiBox-root MuiBox-root-8"
      >
        <button
          className="MuiButtonBase-root MuiButton-root MuiButton-text makeStyles-button-3"
          disabled={false}
          onBlur={[Function]}
          onClick={[Function]}
          onDragLeave={[Function]}
          onFocus={[Function]}
          onKeyDown={[Function]}
          onKeyUp={[Function]}
          onMouseDown={[Function]}
          onMouseLeave={[Function]}
          onMouseUp={[Function]}
          onTouchEnd={[Function]}
          onTouchMove={[Function]}
          onTouchStart={[Function]}
          tabIndex={0}
          type="button"
        >
          <span
            className="MuiButton-label"
          >
            Find out more!
          </span>
        </button>
      </div>
    </div>
  </div>
</div>
`;
