// Jest Snapshot v1, https://goo.gl/fbAQLP

exports[`renders correctly 1`] = `
<div
  className="makeStyles-root-1"
>
  <div
    className="MuiGrid-root MuiGrid-container MuiGrid-justify-content-xs-center"
    style={
      Object {
        "maxWidth": "100%",
        "minHeight": "100vh",
      }
    }
  >
    <div
      align="center"
      className="MuiGrid-root MuiGrid-item MuiGrid-grid-xs-12"
    >
      <h1
        className="makeStyles-h1-4"
        style={Object {}}
      >
        User Control Panel
      </h1>
      <div
        className="MuiBox-root MuiBox-root-6"
      >
        <button
          className="MuiButtonBase-root MuiButton-root MuiButton-text makeStyles-button-3"
          disabled={false}
          onBlur={[Function]}
          onClick={[Function]}
          onDragLeave={[Function]}
          onFocus={[Function]}
          onKeyDown={[Function]}
          onKeyUp={[Function]}
          onMouseDown={[Function]}
          onMouseLeave={[Function]}
          onMouseUp={[Function]}
          onTouchEnd={[Function]}
          onTouchMove={[Function]}
          onTouchStart={[Function]}
          tabIndex={0}
          type="button"
        >
          <span
            className="MuiButton-label"
          >
             
            Get users
          </span>
        </button>
        <button
          className="MuiButtonBase-root MuiButton-root MuiButton-text makeStyles-button-3"
          disabled={false}
          onBlur={[Function]}
          onClick={[Function]}
          onDragLeave={[Function]}
          onFocus={[Function]}
          onKeyDown={[Function]}
          onKeyUp={[Function]}
          onMouseDown={[Function]}
          onMouseLeave={[Function]}
          onMouseUp={[Function]}
          onTouchEnd={[Function]}
          onTouchMove={[Function]}
          onTouchStart={[Function]}
          style={
            Object {
              "margin": "2%",
            }
          }
          tabIndex={0}
          type="button"
        >
          <span
            className="MuiButton-label"
          >
             
            Add User
          </span>
        </button>
      </div>
      <div
        className="MuiContainer-root MuiContainer-fixed MuiContainer-maxWidthLg"
      >
        <div
          className="MuiPaper-root MuiTableContainer-root MuiPaper-elevation1 MuiPaper-rounded"
          fixed={true}
        >
          <table
            aria-label="simple table"
            className="MuiTable-root"
            role={null}
          >
            <thead
              className="MuiTableHead-root"
              role={null}
            >
              <tr
                className="MuiTableRow-root MuiTableRow-head"
                role={null}
              >
                <th
                  aria-sort={null}
                  className="MuiTableCell-root MuiTableCell-head"
                  scope="col"
                >
                  Email
                </th>
                <th
                  aria-sort={null}
                  className="MuiTableCell-root MuiTableCell-head"
                  scope="col"
                >
                  Display Name
                </th>
                <th
                  aria-sort={null}
                  className="MuiTableCell-root MuiTableCell-head"
                  scope="col"
                >
                  First Name
                </th>
                <th
                  aria-sort={null}
                  className="MuiTableCell-root MuiTableCell-head"
                  scope="col"
                >
                  Last Name
                </th>
                <th
                  aria-sort={null}
                  className="MuiTableCell-root MuiTableCell-head"
                  scope="col"
                >
                  Profession
                </th>
                <th
                  aria-sort={null}
                  className="MuiTableCell-root MuiTableCell-head"
                  scope="col"
                >
                  Location
                </th>
                <th
                  aria-sort={null}
                  className="MuiTableCell-root MuiTableCell-head"
                  scope="col"
                >
                  Age
                </th>
                <th
                  aria-sort={null}
                  className="MuiTableCell-root MuiTableCell-head"
                  scope="col"
                >
                  Bio
                </th>
                <th
                  aria-sort={null}
                  className="MuiTableCell-root MuiTableCell-head"
                  scope="col"
                >
                  Edit User
                </th>
                <th
                  aria-sort={null}
                  className="MuiTableCell-root MuiTableCell-head"
                  scope="col"
                >
                  Delete User
                </th>
              </tr>
            </thead>
            <tbody
              className="MuiTableBody-root"
              role={null}
            />
          </table>
        </div>
      </div>
    </div>
  </div>
</div>
`;
